// Jest Snapshot v1, https://goo.gl/fbAQLP

exports[`reducers should have the correct reducers 1`] = `
Object {
  "default": Object {
    "pageModel": [Function],
    "userModel": [Function],
  },
}
`;
